// Jest Snapshot v1, https://goo.gl/fbAQLP

exports[`HomeScreen renders correctly 1`] = `
<View>
  <View
    style={
      {
        "alignContent": "center",
        "justifyContent": "center",
        "marginBottom": 200,
        "marginLeft": 200,
        "marginRight": 200,
        "marginTop": 20,
        "padding": 20,
      }
    }
  >
    <Text
      style={
        {
          "fontSize": 32,
          "fontWeight": "bold",
          "marginBottom": 50,
          "marginTop": 10,
          "textAlign": "center",
        }
      }
    >
      Bean Scene Ordering App
    </Text>
    <Text
      style={
        {
          "color": "#251605",
          "fontSize": 20,
          "fontWeight": "bold",
          "textAlign": "center",
        }
      }
    >
      Hi, this is the Bean Scene menu ordering app
    </Text>
    <View
      accessibilityState={
        {
          "busy": undefined,
          "checked": undefined,
          "disabled": undefined,
          "expanded": undefined,
          "selected": undefined,
        }
      }
      accessibilityValue={
        {
          "max": undefined,
          "min": undefined,
          "now": undefined,
          "text": undefined,
        }
      }
      accessible={true}
      collapsable={false}
      focusable={true}
      onClick={[Function]}
      onResponderGrant={[Function]}
      onResponderMove={[Function]}
      onResponderRelease={[Function]}
      onResponderTerminate={[Function]}
      onResponderTerminationRequest={[Function]}
      onStartShouldSetResponder={[Function]}
      style={
        {
          "backgroundColor": "#76453B",
          "borderRadius": 5,
          "marginVertical": 10,
          "opacity": 1,
          "padding": 15,
        }
      }
    >
      <Text
        style={
          {
            "color": "#F8FAE5",
            "fontSize": 20,
            "fontWeight": "bold",
            "textAlign": "center",
          }
        }
      >
        Server Ordering
      </Text>
    </View>
    <View
      accessibilityState={
        {
          "busy": undefined,
          "checked": undefined,
          "disabled": undefined,
          "expanded": undefined,
          "selected": undefined,
        }
      }
      accessibilityValue={
        {
          "max": undefined,
          "min": undefined,
          "now": undefined,
          "text": undefined,
        }
      }
      accessible={true}
      collapsable={false}
      focusable={true}
      onClick={[Function]}
      onResponderGrant={[Function]}
      onResponderMove={[Function]}
      onResponderRelease={[Function]}
      onResponderTerminate={[Function]}
      onResponderTerminationRequest={[Function]}
      onStartShouldSetResponder={[Function]}
      style={
        {
          "backgroundColor": "#76453B",
          "borderRadius": 5,
          "marginVertical": 10,
          "opacity": 1,
          "padding": 15,
        }
      }
    >
      <Text
        style={
          {
            "color": "#F8FAE5",
            "fontSize": 20,
            "fontWeight": "bold",
            "textAlign": "center",
          }
        }
      >
        Tickets
      </Text>
    </View>
    <View
      accessibilityState={
        {
          "busy": undefined,
          "checked": undefined,
          "disabled": undefined,
          "expanded": undefined,
          "selected": undefined,
        }
      }
      accessibilityValue={
        {
          "max": undefined,
          "min": undefined,
          "now": undefined,
          "text": undefined,
        }
      }
      accessible={true}
      collapsable={false}
      focusable={true}
      onClick={[Function]}
      onResponderGrant={[Function]}
      onResponderMove={[Function]}
      onResponderRelease={[Function]}
      onResponderTerminate={[Function]}
      onResponderTerminationRequest={[Function]}
      onStartShouldSetResponder={[Function]}
      style={
        {
          "backgroundColor": "#76453B",
          "borderRadius": 5,
          "marginVertical": 10,
          "opacity": 1,
          "padding": 15,
        }
      }
    >
      <Text
        style={
          {
            "color": "#F8FAE5",
            "fontSize": 20,
            "fontWeight": "bold",
            "textAlign": "center",
          }
        }
      >
        Kitchen Ticket
      </Text>
    </View>
    <View
      accessibilityState={
        {
          "busy": undefined,
          "checked": undefined,
          "disabled": undefined,
          "expanded": undefined,
          "selected": undefined,
        }
      }
      accessibilityValue={
        {
          "max": undefined,
          "min": undefined,
          "now": undefined,
          "text": undefined,
        }
      }
      accessible={true}
      collapsable={false}
      focusable={true}
      onClick={[Function]}
      onResponderGrant={[Function]}
      onResponderMove={[Function]}
      onResponderRelease={[Function]}
      onResponderTerminate={[Function]}
      onResponderTerminationRequest={[Function]}
      onStartShouldSetResponder={[Function]}
      style={
        {
          "backgroundColor": "#76453B",
          "borderRadius": 5,
          "marginVertical": 10,
          "opacity": 1,
          "padding": 15,
        }
      }
    >
      <Text
        style={
          {
            "color": "#F8FAE5",
            "fontSize": 20,
            "fontWeight": "bold",
            "textAlign": "center",
          }
        }
      >
        Admin
      </Text>
    </View>
    <View
      accessibilityState={
        {
          "busy": undefined,
          "checked": undefined,
          "disabled": undefined,
          "expanded": undefined,
          "selected": undefined,
        }
      }
      accessibilityValue={
        {
          "max": undefined,
          "min": undefined,
          "now": undefined,
          "text": undefined,
        }
      }
      accessible={true}
      collapsable={false}
      focusable={true}
      onClick={[Function]}
      onResponderGrant={[Function]}
      onResponderMove={[Function]}
      onResponderRelease={[Function]}
      onResponderTerminate={[Function]}
      onResponderTerminationRequest={[Function]}
      onStartShouldSetResponder={[Function]}
      style={
        {
          "backgroundColor": "#76453B",
          "borderRadius": 5,
          "marginVertical": 10,
          "opacity": 1,
          "padding": 15,
        }
      }
    >
      <Text
        style={
          {
            "color": "#F8FAE5",
            "fontSize": 20,
            "fontWeight": "bold",
            "textAlign": "center",
          }
        }
      >
        Customer Menu
      </Text>
    </View>
    <View
      accessibilityState={
        {
          "busy": undefined,
          "checked": undefined,
          "disabled": undefined,
          "expanded": undefined,
          "selected": undefined,
        }
      }
      accessibilityValue={
        {
          "max": undefined,
          "min": undefined,
          "now": undefined,
          "text": undefined,
        }
      }
      accessible={true}
      collapsable={false}
      focusable={true}
      onClick={[Function]}
      onResponderGrant={[Function]}
      onResponderMove={[Function]}
      onResponderRelease={[Function]}
      onResponderTerminate={[Function]}
      onResponderTerminationRequest={[Function]}
      onStartShouldSetResponder={[Function]}
      style={
        {
          "backgroundColor": "#76453B",
          "borderRadius": 5,
          "marginVertical": 10,
          "opacity": 1,
          "padding": 15,
        }
      }
    >
      <Text
        style={
          {
            "color": "#F8FAE5",
            "fontSize": 20,
            "fontWeight": "bold",
            "textAlign": "center",
          }
        }
      >
        Customer Order
      </Text>
    </View>
  </View>
</View>
`;
